2026-08-23T12:09:04.349515Z  INFO herdr::api::server: api server listening path=/home/arijit/.config/herdr/herdr.sock
2026-08-23T12:09:04.351808Z  INFO herdr::app: using pane scrollback configuration pane_scrollback_limit_bytes=10000000
2026-08-23T12:09:04.432043Z  INFO herdr::logging: checking for updates event="update.check.start" subsystem="update" outcome="started"
2026-08-23T12:09:04.435349Z  INFO herdr::logging: spawning pane terminal event="pane.spawn.start" subsystem="pane" outcome="started" pane_id=1 rows=40 cols=120 scrollback_limit_bytes=10000000
2026-08-23T12:09:04.436997Z  INFO herdr::logging: pane child spawned event="pane.spawned" subsystem="pane" outcome="ok" pane_id=1 pid=10534
2026-08-23T12:09:04.437358Z  INFO herdr::logging: workspace created event="workspace.create" subsystem="workspace" outcome="ok" workspace_id="w1" pane_id=1
2026-08-23T12:09:04.437390Z  INFO herdr::logging: workspace focused event="workspace.focus" subsystem="workspace" outcome="ok" workspace_id="w1"
2026-08-23T12:09:04.437416Z  INFO herdr::logging: tab focused event="tab.focus" subsystem="tab" outcome="ok" workspace_id="w1" tab_id="w1:t1"
2026-08-23T12:09:04.437427Z  INFO herdr::server::headless: created startup workspace cwd=/home/arijit
2026-08-23T12:09:04.437536Z  INFO herdr::server::headless: client protocol socket listening path=/home/arijit/.config/herdr/herdr-client.sock
2026-08-23T12:09:04.437591Z  INFO herdr::server::headless: herdr server started api_socket=/home/arijit/.config/herdr/herdr.sock client_socket=/home/arijit/.config/herdr/herdr-client.sock
2026-08-23T12:09:04.437905Z  INFO herdr::logging: herdr starting event="app.startup" subsystem="server" outcome="started" pid=10510
2026-08-23T12:09:04.602605Z  INFO herdr::server::headless: client connected client_id=2 cols=165 rows=37 cell_width_px=0 cell_height_px=0 render_encoding=SemanticFrame
2026-08-23T12:09:09.440425Z  INFO herdr::logging: session saved event="persist.save" subsystem="persist" outcome="ok" path=/home/arijit/.config/herdr/session.json workspaces=1
2026-08-23T12:13:04.947199Z  INFO herdr::pane: agent changed pane=1 previous_agent=None agent=Some(Pi) process=pi pgid=Some(11261)
2026-08-23T12:13:19.719797Z  INFO herdr::pane: agent changed pane=1 previous_agent=Some(Pi) agent=None pgid=Some(10534)
2026-08-23T12:13:23.237602Z  INFO herdr::pane: agent changed pane=1 previous_agent=None agent=Some(Pi) process=pi pgid=Some(11402)
2026-08-23T12:13:28.061217Z  INFO herdr::pane: agent changed pane=1 previous_agent=Some(Pi) agent=None pgid=Some(10534)
2026-08-23T12:13:33.082654Z  INFO herdr::pane: agent changed pane=1 previous_agent=None agent=Some(Pi) process=pi pgid=Some(11478)
2026-08-23T12:13:37.906882Z  INFO herdr::pane: agent changed pane=1 previous_agent=Some(Pi) agent=None pgid=Some(10534)
2026-08-23T12:34:14.730379Z  INFO herdr::server::headless: client detach requested via keybind client_id=2
2026-08-23T12:34:14.735616Z  INFO herdr::server::headless: client disconnected client_id=2
2026-08-23T12:34:33.559145Z  INFO herdr::server::headless: server shutdown initiated
2026-08-23T12:34:33.609326Z  INFO herdr::server::headless: completing server shutdown
2026-08-23T12:34:33.610035Z  INFO herdr::logging: session saved event="persist.save" subsystem="persist" outcome="ok" path=/home/arijit/.config/herdr/session.json workspaces=1
2026-08-23T12:34:33.610059Z  INFO herdr::server::headless: headless server exiting
2026-08-23T12:34:33.611926Z  INFO herdr::logging: pane child exited event="pane.exit" subsystem="pane" outcome="completed" pane_id=1 status="ExitStatus { code: 1, signal: None }"
2026-08-23T12:34:33.616391Z  INFO herdr::pane: pane session terminated pane=1 pid=10534 signal=Hangup
2026-08-23T12:34:33.618021Z  INFO herdr::logging: herdr exiting event="app.shutdown" subsystem="server" outcome="completed" pid=10510
2026-09-14T05:56:30.445106Z  INFO herdr::api::server: api server listening path=/home/arijit/.config/herdr/herdr.sock
2026-09-14T05:56:30.448983Z  INFO herdr::logging: spawning pane terminal event="pane.spawn.start" subsystem="pane" outcome="started" pane_id=1 rows=24 cols=80 scrollback_limit_bytes=10000000
2026-09-14T05:56:30.450584Z  INFO herdr::logging: pane child spawned event="pane.spawned" subsystem="pane" outcome="ok" pane_id=1 pid=42542
2026-09-14T05:56:30.450965Z  INFO herdr::logging: session restore evaluated event="persist.restore" subsystem="persist" outcome="ok" workspaces=1
2026-09-14T05:56:30.450994Z  INFO herdr::app: using pane scrollback configuration pane_scrollback_limit_bytes=10000000
2026-09-14T05:56:30.594267Z  INFO herdr::logging: checking for updates event="update.check.start" subsystem="update" outcome="started"
2026-09-14T05:56:30.594986Z  INFO herdr::server::headless::bootstrap: restored session already has workspaces; ignoring startup cwd cwd=/home/arijit
2026-09-14T05:56:30.595097Z  INFO herdr::server::headless: client protocol socket listening path=/home/arijit/.config/herdr/herdr-client.sock
2026-09-14T05:56:30.595164Z  INFO herdr::server::headless::bootstrap: herdr server started api_socket=/home/arijit/.config/herdr/herdr.sock client_socket=/home/arijit/.config/herdr/herdr-client.sock
2026-09-14T05:56:30.595328Z  INFO herdr::logging: herdr starting event="app.startup" subsystem="server" outcome="started" pid=42524
2026-09-14T05:56:30.848208Z  INFO herdr::server::headless: client connected client_id=2 cols=139 rows=36 cell_width_px=13 cell_height_px=34 surface_active=true render_encoding=SemanticFrame
2026-09-14T05:56:30.924905Z  WARN herdr::detect::manifest_update: skipping unknown remote manifest agent agent="letta"
2026-09-14T05:57:40.438907Z  INFO herdr::logging: integration action finished event="integration.action" subsystem="integration" outcome="ok" action="install" target="pi"
2026-09-14T05:57:40.441143Z  INFO herdr::logging: integration action finished event="integration.action" subsystem="integration" outcome="ok" action="install" target="opencode"
2026-09-14T05:57:40.446183Z  INFO herdr::logging: integration action finished event="integration.action" subsystem="integration" outcome="ok" action="install" target="antigravity-cli"
2026-09-14T06:00:25.791678Z  INFO herdr::server::headless: client detached client_id=2
2026-09-14T06:01:52.775172Z  INFO herdr::server::headless::lifecycle: server shutdown initiated
2026-09-14T06:01:52.825422Z  INFO herdr::server::headless::lifecycle: completing server shutdown
2026-09-14T06:01:52.826537Z  INFO herdr::logging: session saved event="persist.save" subsystem="persist" outcome="ok" path=/home/arijit/.config/herdr/session.json workspaces=1
2026-09-14T06:01:52.826572Z  INFO herdr::server::headless: headless server exiting
2026-09-14T06:01:52.829469Z  INFO herdr::logging: pane child exited event="pane.exit" subsystem="pane" outcome="completed" pane_id=1 status="ExitStatus { code: 1, signal: None }"
2026-09-14T06:01:52.835243Z  INFO herdr::pane: pane session terminated pane=1 pid=42542 signal=Hangup
2026-09-14T06:01:52.837023Z  INFO herdr::logging: herdr exiting event="app.shutdown" subsystem="server" outcome="completed" pid=42524
2026-09-14T06:02:51.683671Z  INFO herdr::api::server: api server listening path=/home/arijit/.config/herdr/herdr.sock
2026-09-14T06:02:51.686409Z  INFO herdr::logging: spawning pane terminal event="pane.spawn.start" subsystem="pane" outcome="started" pane_id=1 rows=24 cols=80 scrollback_limit_bytes=10000000
2026-09-14T06:02:51.688110Z  INFO herdr::logging: pane child spawned event="pane.spawned" subsystem="pane" outcome="ok" pane_id=1 pid=44198
2026-09-14T06:02:51.688544Z  INFO herdr::logging: session restore evaluated event="persist.restore" subsystem="persist" outcome="ok" workspaces=1
2026-09-14T06:02:51.688593Z  INFO herdr::app: using pane scrollback configuration pane_scrollback_limit_bytes=10000000
2026-09-14T06:02:51.832267Z  INFO herdr::logging: checking for updates event="update.check.start" subsystem="update" outcome="started"
2026-09-14T06:02:51.832794Z  INFO herdr::server::headless::bootstrap: restored session already has workspaces; ignoring startup cwd cwd=/home/arijit/Projects/esp-reports
2026-09-14T06:02:51.832903Z  INFO herdr::server::headless: client protocol socket listening path=/home/arijit/.config/herdr/herdr-client.sock
2026-09-14T06:02:51.832963Z  INFO herdr::server::headless::bootstrap: herdr server started api_socket=/home/arijit/.config/herdr/herdr.sock client_socket=/home/arijit/.config/herdr/herdr-client.sock
2026-09-14T06:02:51.833121Z  INFO herdr::logging: herdr starting event="app.startup" subsystem="server" outcome="started" pid=44180
2026-09-14T06:02:51.887541Z  INFO herdr::server::headless: client connected client_id=2 cols=139 rows=36 cell_width_px=13 cell_height_px=34 surface_active=true render_encoding=SemanticFrame
2026-09-14T06:02:52.138435Z  WARN herdr::detect::manifest_update: skipping unknown remote manifest agent agent="letta"
2026-09-14T06:03:24.503567Z  INFO herdr::logging: spawning pane terminal event="pane.spawn.start" subsystem="pane" outcome="started" pane_id=2 rows=36 cols=139 scrollback_limit_bytes=10000000
2026-09-14T06:03:24.505481Z  INFO herdr::logging: pane child spawned event="pane.spawned" subsystem="pane" outcome="ok" pane_id=2 pid=44451
2026-09-14T06:03:24.505777Z  INFO herdr::logging: workspace created event="workspace.create" subsystem="workspace" outcome="ok" workspace_id="w2" pane_id=2
2026-09-14T06:03:24.505787Z  INFO herdr::logging: workspace focused event="workspace.focus" subsystem="workspace" outcome="ok" workspace_id="w2"
2026-09-14T06:03:24.505795Z  INFO herdr::logging: tab focused event="tab.focus" subsystem="tab" outcome="ok" workspace_id="w2" tab_id="w2:t1"
2026-09-14T06:03:29.511782Z  INFO herdr::logging: session saved event="persist.save" subsystem="persist" outcome="ok" path=/home/arijit/.config/herdr/session.json workspaces=2
2026-09-14T06:03:47.644976Z  INFO herdr::logging: workspace closed event="workspace.close" subsystem="workspace" outcome="ok" workspace_id="w2"
2026-09-14T06:03:47.646840Z  INFO herdr::logging: pane child exited event="pane.exit" subsystem="pane" outcome="completed" pane_id=2 status="ExitStatus { code: 1, signal: None }"
2026-09-14T06:03:47.651247Z  INFO herdr::pane: pane session terminated pane=2 pid=44451 signal=Hangup
2026-09-14T06:03:47.651737Z  WARN herdr::app::actions: PaneDied for unknown pane pane=2
2026-09-14T06:03:52.654623Z  INFO herdr::logging: session saved event="persist.save" subsystem="persist" outcome="ok" path=/home/arijit/.config/herdr/session.json workspaces=1
2026-09-14T06:03:58.168243Z  INFO herdr::server::headless: client detached client_id=2
2026-09-14T06:04:00.180630Z  INFO herdr::server::headless: client connected client_id=4 cols=139 rows=36 cell_width_px=13 cell_height_px=34 surface_active=true render_encoding=SemanticFrame
2026-09-14T06:13:40.269550Z  INFO herdr::logging: tab focused event="tab.focus" subsystem="tab" outcome="ok" workspace_id="w1" tab_id="w1:t1"
2026-09-14T06:13:42.662443Z  INFO herdr::logging: spawning pane terminal event="pane.spawn.start" subsystem="pane" outcome="started" pane_id=3 rows=36 cols=139 scrollback_limit_bytes=10000000
2026-09-14T06:13:42.664378Z  INFO herdr::logging: pane child spawned event="pane.spawned" subsystem="pane" outcome="ok" pane_id=3 pid=47009
2026-09-14T06:13:42.664683Z  INFO herdr::logging: workspace created event="workspace.create" subsystem="workspace" outcome="ok" workspace_id="w3" pane_id=3
2026-09-14T06:13:42.664693Z  INFO herdr::logging: workspace focused event="workspace.focus" subsystem="workspace" outcome="ok" workspace_id="w3"
2026-09-14T06:13:42.664703Z  INFO herdr::logging: tab focused event="tab.focus" subsystem="tab" outcome="ok" workspace_id="w3" tab_id="w3:t1"
2026-09-14T06:13:47.670174Z  INFO herdr::logging: session saved event="persist.save" subsystem="persist" outcome="ok" path=/home/arijit/.config/herdr/session.json workspaces=2
2026-09-14T06:14:21.700561Z  INFO herdr::logging: spawning pane terminal event="pane.spawn.start" subsystem="pane" outcome="started" pane_id=4 rows=36 cols=139 scrollback_limit_bytes=10000000
2026-09-14T06:14:21.702444Z  INFO herdr::logging: pane child spawned event="pane.spawned" subsystem="pane" outcome="ok" pane_id=4 pid=47320
2026-09-14T06:14:21.702834Z  INFO herdr::logging: workspace created event="workspace.create" subsystem="workspace" outcome="ok" workspace_id="w4" pane_id=4
2026-09-14T06:14:21.702857Z  INFO herdr::logging: workspace focused event="workspace.focus" subsystem="workspace" outcome="ok" workspace_id="w4"
2026-09-14T06:14:21.702882Z  INFO herdr::logging: tab focused event="tab.focus" subsystem="tab" outcome="ok" workspace_id="w4" tab_id="w4:t1"
2026-09-14T06:14:26.709417Z  INFO herdr::logging: session saved event="persist.save" subsystem="persist" outcome="ok" path=/home/arijit/.config/herdr/session.json workspaces=3
2026-09-14T06:15:25.744069Z  INFO herdr::logging: tab focused event="tab.focus" subsystem="tab" outcome="ok" workspace_id="w4" tab_id="w4:t1"
2026-09-14T06:15:30.747194Z  INFO herdr::logging: session saved event="persist.save" subsystem="persist" outcome="ok" path=/home/arijit/.config/herdr/session.json workspaces=3
2026-09-14T06:15:55.345716Z  INFO herdr::logging: spawning pane terminal event="pane.spawn.start" subsystem="pane" outcome="started" pane_id=5 rows=36 cols=139 scrollback_limit_bytes=10000000
2026-09-14T06:15:55.347765Z  INFO herdr::logging: pane child spawned event="pane.spawned" subsystem="pane" outcome="ok" pane_id=5 pid=47827
2026-09-14T06:15:55.348094Z  INFO herdr::logging: workspace created event="workspace.create" subsystem="workspace" outcome="ok" workspace_id="w5" pane_id=5
2026-09-14T06:15:55.348105Z  INFO herdr::logging: workspace focused event="workspace.focus" subsystem="workspace" outcome="ok" workspace_id="w5"
2026-09-14T06:15:55.348112Z  INFO herdr::logging: tab focused event="tab.focus" subsystem="tab" outcome="ok" workspace_id="w5" tab_id="w5:t1"
2026-09-14T06:16:00.353156Z  INFO herdr::logging: session saved event="persist.save" subsystem="persist" outcome="ok" path=/home/arijit/.config/herdr/session.json workspaces=4
2026-09-14T06:16:30.395991Z  INFO herdr::logging: tab focused event="tab.focus" subsystem="tab" outcome="ok" workspace_id="w5" tab_id="w5:t1"
2026-09-14T06:16:35.400031Z  INFO herdr::logging: session saved event="persist.save" subsystem="persist" outcome="ok" path=/home/arijit/.config/herdr/session.json workspaces=4
2026-09-14T06:16:41.502403Z  INFO herdr::logging: spawning pane terminal event="pane.spawn.start" subsystem="pane" outcome="started" pane_id=6 rows=36 cols=139 scrollback_limit_bytes=10000000
2026-09-14T06:16:41.505085Z  INFO herdr::logging: pane child spawned event="pane.spawned" subsystem="pane" outcome="ok" pane_id=6 pid=48208
2026-09-14T06:16:41.505545Z  INFO herdr::logging: tab renamed event="tab.rename" subsystem="tab" outcome="ok" workspace_id="w5" tab_id="w5:t2"
2026-09-14T06:16:41.505562Z  INFO herdr::logging: tab focused event="tab.focus" subsystem="tab" outcome="ok" workspace_id="w5" tab_id="w5:t2"
2026-09-14T06:16:43.340121Z  INFO herdr::logging: tab focused event="tab.focus" subsystem="tab" outcome="ok" workspace_id="w5" tab_id="w5:t1"
2026-09-14T06:16:43.340224Z  INFO herdr::logging: tab focused event="tab.focus" subsystem="tab" outcome="ok" workspace_id="w5" tab_id="w5:t1"
2026-09-14T06:16:48.343057Z  INFO herdr::logging: session saved event="persist.save" subsystem="persist" outcome="ok" path=/home/arijit/.config/herdr/session.json workspaces=4
2026-09-14T06:16:51.686452Z  INFO herdr::logging: tab renamed event="tab.rename" subsystem="tab" outcome="ok" workspace_id="w5" tab_id="w5:t1"
2026-09-14T06:16:56.689010Z  INFO herdr::logging: session saved event="persist.save" subsystem="persist" outcome="ok" path=/home/arijit/.config/herdr/session.json workspaces=4
2026-09-14T06:17:06.670429Z  INFO herdr::logging: tab focused event="tab.focus" subsystem="tab" outcome="ok" workspace_id="w5" tab_id="w5:t2"
2026-09-14T06:17:06.670520Z  INFO herdr::logging: tab focused event="tab.focus" subsystem="tab" outcome="ok" workspace_id="w5" tab_id="w5:t2"
2026-09-14T06:17:07.603099Z  INFO herdr::logging: tab focused event="tab.focus" subsystem="tab" outcome="ok" workspace_id="w5" tab_id="w5:t1"
2026-09-14T06:17:07.603184Z  INFO herdr::logging: tab focused event="tab.focus" subsystem="tab" outcome="ok" workspace_id="w5" tab_id="w5:t1"
2026-09-14T06:17:12.606087Z  INFO herdr::logging: session saved event="persist.save" subsystem="persist" outcome="ok" path=/home/arijit/.config/herdr/session.json workspaces=4
2026-09-14T06:18:39.592723Z  INFO herdr::logging: tab focused event="tab.focus" subsystem="tab" outcome="ok" workspace_id="w5" tab_id="w5:t2"
2026-09-14T06:18:39.592810Z  INFO herdr::logging: tab focused event="tab.focus" subsystem="tab" outcome="ok" workspace_id="w5" tab_id="w5:t2"
2026-09-14T06:18:41.275527Z  INFO herdr::logging: tab focused event="tab.focus" subsystem="tab" outcome="ok" workspace_id="w5" tab_id="w5:t1"
2026-09-14T06:18:41.275642Z  INFO herdr::logging: tab focused event="tab.focus" subsystem="tab" outcome="ok" workspace_id="w5" tab_id="w5:t1"
2026-09-14T06:18:46.277803Z  INFO herdr::logging: session saved event="persist.save" subsystem="persist" outcome="ok" path=/home/arijit/.config/herdr/session.json workspaces=4
2026-09-14T06:19:23.972511Z  INFO herdr::logging: tab focused event="tab.focus" subsystem="tab" outcome="ok" workspace_id="w5" tab_id="w5:t2"
2026-09-14T06:19:23.972600Z  INFO herdr::logging: tab focused event="tab.focus" subsystem="tab" outcome="ok" workspace_id="w5" tab_id="w5:t2"
2026-09-14T06:19:28.974809Z  INFO herdr::logging: session saved event="persist.save" subsystem="persist" outcome="ok" path=/home/arijit/.config/herdr/session.json workspaces=4
2026-09-14T06:19:30.896730Z  INFO herdr::logging: tab focused event="tab.focus" subsystem="tab" outcome="ok" workspace_id="w5" tab_id="w5:t1"
2026-09-14T06:19:30.896833Z  INFO herdr::logging: tab focused event="tab.focus" subsystem="tab" outcome="ok" workspace_id="w5" tab_id="w5:t1"
2026-09-14T06:19:35.900331Z  INFO herdr::logging: session saved event="persist.save" subsystem="persist" outcome="ok" path=/home/arijit/.config/herdr/session.json workspaces=4
2026-09-14T06:21:06.553109Z  INFO herdr::logging: tab focused event="tab.focus" subsystem="tab" outcome="ok" workspace_id="w5" tab_id="w5:t1"
2026-09-14T06:21:07.830809Z  INFO herdr::logging: tab focused event="tab.focus" subsystem="tab" outcome="ok" workspace_id="w5" tab_id="w5:t1"
2026-09-14T06:21:09.099575Z  INFO herdr::logging: tab focused event="tab.focus" subsystem="tab" outcome="ok" workspace_id="w5" tab_id="w5:t2"
2026-09-14T06:21:09.099696Z  INFO herdr::logging: tab focused event="tab.focus" subsystem="tab" outcome="ok" workspace_id="w5" tab_id="w5:t2"
2026-09-14T06:21:09.843680Z  INFO herdr::logging: tab focused event="tab.focus" subsystem="tab" outcome="ok" workspace_id="w5" tab_id="w5:t1"
2026-09-14T06:21:09.843778Z  INFO herdr::logging: tab focused event="tab.focus" subsystem="tab" outcome="ok" workspace_id="w5" tab_id="w5:t1"
2026-09-14T06:21:14.847696Z  INFO herdr::logging: session saved event="persist.save" subsystem="persist" outcome="ok" path=/home/arijit/.config/herdr/session.json workspaces=4
2026-09-14T06:21:36.146335Z  INFO herdr::logging: workspace focused event="workspace.focus" subsystem="workspace" outcome="ok" workspace_id="w1"
2026-09-14T06:21:36.146385Z  INFO herdr::logging: tab focused event="tab.focus" subsystem="tab" outcome="ok" workspace_id="w1" tab_id="w1:t1"
2026-09-14T06:21:36.146451Z  INFO herdr::logging: workspace focused event="workspace.focus" subsystem="workspace" outcome="ok" workspace_id="w1"
2026-09-14T06:21:36.146462Z  INFO herdr::logging: tab focused event="tab.focus" subsystem="tab" outcome="ok" workspace_id="w1" tab_id="w1:t1"
2026-09-14T06:21:39.861586Z  INFO herdr::logging: workspace focused event="workspace.focus" subsystem="workspace" outcome="ok" workspace_id="w5"
2026-09-14T06:21:39.861627Z  INFO herdr::logging: tab focused event="tab.focus" subsystem="tab" outcome="ok" workspace_id="w5" tab_id="w5:t1"
2026-09-14T06:21:39.861681Z  INFO herdr::logging: workspace focused event="workspace.focus" subsystem="workspace" outcome="ok" workspace_id="w5"
2026-09-14T06:21:39.861691Z  INFO herdr::logging: tab focused event="tab.focus" subsystem="tab" outcome="ok" workspace_id="w5" tab_id="w5:t1"
2026-09-14T06:21:44.863346Z  INFO herdr::logging: session saved event="persist.save" subsystem="persist" outcome="ok" path=/home/arijit/.config/herdr/session.json workspaces=4
2026-09-14T06:22:40.438570Z  INFO herdr::logging: spawning pane terminal event="pane.spawn.start" subsystem="pane" outcome="started" pane_id=7 rows=36 cols=139 scrollback_limit_bytes=10000000
2026-09-14T06:22:40.440951Z  INFO herdr::logging: pane child spawned event="pane.spawned" subsystem="pane" outcome="ok" pane_id=7 pid=51717
2026-09-14T06:22:40.441289Z  INFO herdr::logging: workspace created event="workspace.create" subsystem="workspace" outcome="ok" workspace_id="w6" pane_id=7
2026-09-14T06:22:40.441312Z  INFO herdr::logging: workspace focused event="workspace.focus" subsystem="workspace" outcome="ok" workspace_id="w6"
2026-09-14T06:22:40.441323Z  INFO herdr::logging: tab focused event="tab.focus" subsystem="tab" outcome="ok" workspace_id="w6" tab_id="w6:t1"
2026-09-14T06:22:45.446984Z  INFO herdr::logging: session saved event="persist.save" subsystem="persist" outcome="ok" path=/home/arijit/.config/herdr/session.json workspaces=5
2026-09-14T06:23:00.670932Z  INFO herdr::logging: spawning pane terminal event="pane.spawn.start" subsystem="pane" outcome="started" pane_id=8 rows=36 cols=139 scrollback_limit_bytes=10000000
2026-09-14T06:23:00.673114Z  INFO herdr::logging: pane child spawned event="pane.spawned" subsystem="pane" outcome="ok" pane_id=8 pid=51990
2026-09-14T06:23:00.673458Z  INFO herdr::logging: workspace created event="workspace.create" subsystem="workspace" outcome="ok" workspace_id="w7" pane_id=8
2026-09-14T06:23:00.673469Z  INFO herdr::logging: workspace focused event="workspace.focus" subsystem="workspace" outcome="ok" workspace_id="w7"
2026-09-14T06:23:00.673478Z  INFO herdr::logging: tab focused event="tab.focus" subsystem="tab" outcome="ok" workspace_id="w7" tab_id="w7:t1"
2026-09-14T06:23:05.678696Z  INFO herdr::logging: session saved event="persist.save" subsystem="persist" outcome="ok" path=/home/arijit/.config/herdr/session.json workspaces=6
2026-09-14T06:26:52.658192Z  INFO herdr::logging: spawning pane terminal event="pane.spawn.start" subsystem="pane" outcome="started" pane_id=9 rows=36 cols=139 scrollback_limit_bytes=10000000
2026-09-14T06:26:52.660770Z  INFO herdr::logging: pane child spawned event="pane.spawned" subsystem="pane" outcome="ok" pane_id=9 pid=52792
2026-09-14T06:26:52.661179Z  INFO herdr::logging: workspace created event="workspace.create" subsystem="workspace" outcome="ok" workspace_id="w8" pane_id=9
2026-09-14T06:26:52.661210Z  INFO herdr::logging: workspace focused event="workspace.focus" subsystem="workspace" outcome="ok" workspace_id="w8"
2026-09-14T06:26:52.661222Z  INFO herdr::logging: tab focused event="tab.focus" subsystem="tab" outcome="ok" workspace_id="w8" tab_id="w8:t1"
2026-09-14T06:26:57.666708Z  INFO herdr::logging: session saved event="persist.save" subsystem="persist" outcome="ok" path=/home/arijit/.config/herdr/session.json workspaces=7
2026-09-14T06:28:42.971658Z  INFO herdr::server::headless: client detached client_id=4
2026-09-14T06:28:44.481651Z  INFO herdr::server::headless: client connected client_id=6 cols=139 rows=36 cell_width_px=13 cell_height_px=34 surface_active=true render_encoding=SemanticFrame
2026-09-14T06:28:57.269813Z  INFO herdr::logging: tab focused event="tab.focus" subsystem="tab" outcome="ok" workspace_id="w8" tab_id="w8:t1"
2026-09-14T06:29:02.273564Z  INFO herdr::logging: session saved event="persist.save" subsystem="persist" outcome="ok" path=/home/arijit/.config/herdr/session.json workspaces=7
2026-09-14T06:30:48.447228Z  INFO herdr::logging: workspace closed event="workspace.close" subsystem="workspace" outcome="ok" workspace_id="w8"
2026-09-14T06:30:48.450855Z  INFO herdr::logging: pane child exited event="pane.exit" subsystem="pane" outcome="completed" pane_id=9 status="ExitStatus { code: 1, signal: None }"
2026-09-14T06:30:48.454486Z  INFO herdr::pane: pane session terminated pane=9 pid=52792 signal=Hangup
2026-09-14T06:30:48.455107Z  WARN herdr::app::actions: PaneDied for unknown pane pane=9
2026-09-14T06:30:53.456715Z  INFO herdr::logging: session saved event="persist.save" subsystem="persist" outcome="ok" path=/home/arijit/.config/herdr/session.json workspaces=6
2026-09-14T06:30:57.977381Z  INFO herdr::server::headless: client detached client_id=6
2026-09-14T06:32:51.834391Z  INFO herdr::logging: checking for updates event="update.check.start" subsystem="update" outcome="started"
2026-09-14T06:32:52.147485Z  WARN herdr::detect::manifest_update: skipping unknown remote manifest agent agent="letta"
2026-09-14T16:51:07.432001Z  INFO herdr::api::server: api server listening path=/home/arijit/.config/herdr/herdr.sock
2026-09-14T16:51:07.436785Z  INFO herdr::logging: spawning pane terminal event="pane.spawn.start" subsystem="pane" outcome="started" pane_id=1 rows=24 cols=80 scrollback_limit_bytes=10000000
2026-09-14T16:51:07.438192Z  INFO herdr::logging: pane child spawned event="pane.spawned" subsystem="pane" outcome="ok" pane_id=1 pid=5556
2026-09-14T16:51:07.439287Z  INFO herdr::logging: spawning pane terminal event="pane.spawn.start" subsystem="pane" outcome="started" pane_id=2 rows=24 cols=80 scrollback_limit_bytes=10000000
2026-09-14T16:51:07.440639Z  INFO herdr::logging: pane child spawned event="pane.spawned" subsystem="pane" outcome="ok" pane_id=2 pid=5559
2026-09-14T16:51:07.442420Z  INFO herdr::logging: spawning pane terminal event="pane.spawn.start" subsystem="pane" outcome="started" pane_id=3 rows=24 cols=80 scrollback_limit_bytes=10000000
2026-09-14T16:51:07.443664Z  INFO herdr::logging: pane child spawned event="pane.spawned" subsystem="pane" outcome="ok" pane_id=3 pid=5562
2026-09-14T16:51:07.444612Z  INFO herdr::logging: spawning pane terminal event="pane.spawn.start" subsystem="pane" outcome="started" pane_id=4 rows=24 cols=80 scrollback_limit_bytes=10000000
2026-09-14T16:51:07.445912Z  INFO herdr::logging: pane child spawned event="pane.spawned" subsystem="pane" outcome="ok" pane_id=4 pid=5565
2026-09-14T16:51:07.446312Z  INFO herdr::logging: spawning pane terminal event="pane.spawn.start" subsystem="pane" outcome="started" pane_id=5 rows=24 cols=80 scrollback_limit_bytes=10000000
2026-09-14T16:51:07.447630Z  INFO herdr::logging: pane child spawned event="pane.spawned" subsystem="pane" outcome="ok" pane_id=5 pid=5568
2026-09-14T16:51:07.448690Z  INFO herdr::logging: spawning pane terminal event="pane.spawn.start" subsystem="pane" outcome="started" pane_id=6 rows=24 cols=80 scrollback_limit_bytes=10000000
2026-09-14T16:51:07.450236Z  INFO herdr::logging: pane child spawned event="pane.spawned" subsystem="pane" outcome="ok" pane_id=6 pid=5571
2026-09-14T16:51:07.452597Z  INFO herdr::logging: spawning pane terminal event="pane.spawn.start" subsystem="pane" outcome="started" pane_id=7 rows=24 cols=80 scrollback_limit_bytes=10000000
2026-09-14T16:51:07.454330Z  INFO herdr::logging: pane child spawned event="pane.spawned" subsystem="pane" outcome="ok" pane_id=7 pid=5574
2026-09-14T16:51:07.455406Z  INFO herdr::logging: session restore evaluated event="persist.restore" subsystem="persist" outcome="ok" workspaces=6
2026-09-14T16:51:07.455476Z  INFO herdr::app: using pane scrollback configuration pane_scrollback_limit_bytes=10000000
2026-09-14T16:51:07.626118Z  INFO herdr::logging: checking for updates event="update.check.start" subsystem="update" outcome="started"
2026-09-14T16:51:07.627269Z  INFO herdr::server::headless::bootstrap: restored session already has workspaces; ignoring startup cwd cwd=/home/arijit
2026-09-14T16:51:07.627421Z  INFO herdr::server::headless: client protocol socket listening path=/home/arijit/.config/herdr/herdr-client.sock
2026-09-14T16:51:07.627459Z  INFO herdr::server::headless::bootstrap: herdr server started api_socket=/home/arijit/.config/herdr/herdr.sock client_socket=/home/arijit/.config/herdr/herdr-client.sock
2026-09-14T16:51:07.627650Z  INFO herdr::logging: herdr starting event="app.startup" subsystem="server" outcome="started" pid=5538
2026-09-14T16:51:07.650361Z  INFO herdr::server::headless: client connected client_id=2 cols=139 rows=36 cell_width_px=13 cell_height_px=34 surface_active=true render_encoding=SemanticFrame
2026-09-14T16:51:07.998465Z  WARN herdr::detect::manifest_update: skipping unknown remote manifest agent agent="letta"
2026-09-14T16:51:26.044483Z  INFO herdr::logging: workspace focused event="workspace.focus" subsystem="workspace" outcome="ok" workspace_id="w5"
2026-09-14T16:51:26.044525Z  INFO herdr::logging: tab focused event="tab.focus" subsystem="tab" outcome="ok" workspace_id="w5" tab_id="w5:t1"
2026-09-14T16:51:26.044589Z  INFO herdr::logging: workspace focused event="workspace.focus" subsystem="workspace" outcome="ok" workspace_id="w5"
2026-09-14T16:51:26.044595Z  INFO herdr::logging: tab focused event="tab.focus" subsystem="tab" outcome="ok" workspace_id="w5" tab_id="w5:t1"
2026-09-14T16:51:31.047668Z  INFO herdr::logging: session saved event="persist.save" subsystem="persist" outcome="ok" path=/home/arijit/.config/herdr/session.json workspaces=6
2026-09-14T16:53:54.946757Z  INFO herdr::logging: tab focused event="tab.focus" subsystem="tab" outcome="ok" workspace_id="w5" tab_id="w5:t2"
2026-09-14T16:53:54.946858Z  INFO herdr::logging: tab focused event="tab.focus" subsystem="tab" outcome="ok" workspace_id="w5" tab_id="w5:t2"
2026-09-14T16:53:59.949917Z  INFO herdr::logging: session saved event="persist.save" subsystem="persist" outcome="ok" path=/home/arijit/.config/herdr/session.json workspaces=6
2026-09-14T17:01:10.201630Z  INFO herdr::server::headless: client detached client_id=2
2026-09-14T22:47:44.358405Z  INFO herdr::api::server: api server listening path=/home/arijit/.config/herdr/herdr.sock
2026-09-14T22:47:44.363350Z  INFO herdr::logging: spawning pane terminal event="pane.spawn.start" subsystem="pane" outcome="started" pane_id=1 rows=24 cols=80 scrollback_limit_bytes=10000000
2026-09-14T22:47:44.365234Z  INFO herdr::logging: pane child spawned event="pane.spawned" subsystem="pane" outcome="ok" pane_id=1 pid=6379
2026-09-14T22:47:44.366547Z  INFO herdr::logging: spawning pane terminal event="pane.spawn.start" subsystem="pane" outcome="started" pane_id=2 rows=24 cols=80 scrollback_limit_bytes=10000000
2026-09-14T22:47:44.367996Z  INFO herdr::logging: pane child spawned event="pane.spawned" subsystem="pane" outcome="ok" pane_id=2 pid=6382
2026-09-14T22:47:44.370284Z  INFO herdr::logging: spawning pane terminal event="pane.spawn.start" subsystem="pane" outcome="started" pane_id=3 rows=24 cols=80 scrollback_limit_bytes=10000000
2026-09-14T22:47:44.371833Z  INFO herdr::logging: pane child spawned event="pane.spawned" subsystem="pane" outcome="ok" pane_id=3 pid=6385
2026-09-14T22:47:44.373027Z  INFO herdr::logging: spawning pane terminal event="pane.spawn.start" subsystem="pane" outcome="started" pane_id=4 rows=24 cols=80 scrollback_limit_bytes=10000000
2026-09-14T22:47:44.374639Z  INFO herdr::logging: pane child spawned event="pane.spawned" subsystem="pane" outcome="ok" pane_id=4 pid=6388
2026-09-14T22:47:44.375212Z  INFO herdr::logging: spawning pane terminal event="pane.spawn.start" subsystem="pane" outcome="started" pane_id=5 rows=24 cols=80 scrollback_limit_bytes=10000000
2026-09-14T22:47:44.377035Z  INFO herdr::logging: pane child spawned event="pane.spawned" subsystem="pane" outcome="ok" pane_id=5 pid=6391
2026-09-14T22:47:44.378201Z  INFO herdr::logging: spawning pane terminal event="pane.spawn.start" subsystem="pane" outcome="started" pane_id=6 rows=24 cols=80 scrollback_limit_bytes=10000000
2026-09-14T22:47:44.379954Z  INFO herdr::logging: pane child spawned event="pane.spawned" subsystem="pane" outcome="ok" pane_id=6 pid=6394
2026-09-14T22:47:44.382472Z  INFO herdr::logging: spawning pane terminal event="pane.spawn.start" subsystem="pane" outcome="started" pane_id=7 rows=24 cols=80 scrollback_limit_bytes=10000000
2026-09-14T22:47:44.384243Z  INFO herdr::logging: pane child spawned event="pane.spawned" subsystem="pane" outcome="ok" pane_id=7 pid=6397
2026-09-14T22:47:44.385452Z  INFO herdr::logging: session restore evaluated event="persist.restore" subsystem="persist" outcome="ok" workspaces=6
2026-09-14T22:47:44.385530Z  INFO herdr::app: using pane scrollback configuration pane_scrollback_limit_bytes=10000000
2026-09-14T22:47:44.596717Z  INFO herdr::logging: checking for updates event="update.check.start" subsystem="update" outcome="started"
2026-09-14T22:47:44.599490Z  INFO herdr::server::headless::bootstrap: restored session already has workspaces; ignoring startup cwd cwd=/home/arijit
2026-09-14T22:47:44.599670Z  INFO herdr::server::headless: client protocol socket listening path=/home/arijit/.config/herdr/herdr-client.sock
2026-09-14T22:47:44.599712Z  INFO herdr::server::headless::bootstrap: herdr server started api_socket=/home/arijit/.config/herdr/herdr.sock client_socket=/home/arijit/.config/herdr/herdr-client.sock
2026-09-14T22:47:44.599846Z  INFO herdr::logging: herdr starting event="app.startup" subsystem="server" outcome="started" pid=6361
2026-09-14T22:47:44.616914Z  INFO herdr::server::headless: client connected client_id=2 cols=161 rows=36 cell_width_px=13 cell_height_px=34 surface_active=true render_encoding=SemanticFrame
2026-09-14T22:47:44.910455Z  WARN herdr::detect::manifest_update: skipping unknown remote manifest agent agent="letta"
2026-09-14T22:47:58.071467Z  INFO herdr::logging: spawning pane terminal event="pane.spawn.start" subsystem="pane" outcome="started" pane_id=8 rows=36 cols=139 scrollback_limit_bytes=10000000
2026-09-14T22:47:58.073967Z  INFO herdr::logging: pane child spawned event="pane.spawned" subsystem="pane" outcome="ok" pane_id=8 pid=7514
2026-09-14T22:47:58.074538Z  INFO herdr::logging: workspace created event="workspace.create" subsystem="workspace" outcome="ok" workspace_id="w8" pane_id=8
2026-09-14T22:47:58.074578Z  INFO herdr::logging: workspace focused event="workspace.focus" subsystem="workspace" outcome="ok" workspace_id="w8"
2026-09-14T22:47:58.074591Z  INFO herdr::logging: tab focused event="tab.focus" subsystem="tab" outcome="ok" workspace_id="w8" tab_id="w8:t1"
2026-09-14T22:48:03.080543Z  INFO herdr::logging: session saved event="persist.save" subsystem="persist" outcome="ok" path=/home/arijit/.config/herdr/session.json workspaces=7
2026-09-14T22:49:57.210423Z  INFO herdr::logging: workspace focused event="workspace.focus" subsystem="workspace" outcome="ok" workspace_id="w4"
2026-09-14T22:49:57.210485Z  INFO herdr::logging: tab focused event="tab.focus" subsystem="tab" outcome="ok" workspace_id="w4" tab_id="w4:t1"
2026-09-14T22:49:57.210563Z  INFO herdr::logging: workspace focused event="workspace.focus" subsystem="workspace" outcome="ok" workspace_id="w4"
2026-09-14T22:49:57.210577Z  INFO herdr::logging: tab focused event="tab.focus" subsystem="tab" outcome="ok" workspace_id="w4" tab_id="w4:t1"
2026-09-14T22:50:02.212817Z  INFO herdr::logging: session saved event="persist.save" subsystem="persist" outcome="ok" path=/home/arijit/.config/herdr/session.json workspaces=7
2026-09-14T22:56:46.165002Z  INFO herdr::logging: spawning pane terminal event="pane.spawn.start" subsystem="pane" outcome="started" pane_id=9 rows=36 cols=161 scrollback_limit_bytes=10000000
2026-09-14T22:56:46.167810Z  INFO herdr::logging: pane child spawned event="pane.spawned" subsystem="pane" outcome="ok" pane_id=9 pid=12027
2026-09-14T22:56:46.168185Z  INFO herdr::logging: tab renamed event="tab.rename" subsystem="tab" outcome="ok" workspace_id="w4" tab_id="w4:t2"
2026-09-14T22:56:46.168217Z  INFO herdr::logging: tab focused event="tab.focus" subsystem="tab" outcome="ok" workspace_id="w4" tab_id="w4:t2"
2026-09-14T22:56:50.531704Z  INFO herdr::logging: tab focused event="tab.focus" subsystem="tab" outcome="ok" workspace_id="w4" tab_id="w4:t1"
2026-09-14T22:56:50.531814Z  INFO herdr::logging: tab focused event="tab.focus" subsystem="tab" outcome="ok" workspace_id="w4" tab_id="w4:t1"
2026-09-14T22:56:55.535295Z  INFO herdr::logging: session saved event="persist.save" subsystem="persist" outcome="ok" path=/home/arijit/.config/herdr/session.json workspaces=7
2026-09-14T22:57:13.620525Z  INFO herdr::logging: tab renamed event="tab.rename" subsystem="tab" outcome="ok" workspace_id="w4" tab_id="w4:t1"
2026-09-14T22:57:15.994466Z  INFO herdr::logging: tab focused event="tab.focus" subsystem="tab" outcome="ok" workspace_id="w4" tab_id="w4:t2"
2026-09-14T22:57:15.994575Z  INFO herdr::logging: tab focused event="tab.focus" subsystem="tab" outcome="ok" workspace_id="w4" tab_id="w4:t2"
2026-09-14T22:57:20.998033Z  INFO herdr::logging: session saved event="persist.save" subsystem="persist" outcome="ok" path=/home/arijit/.config/herdr/session.json workspaces=7
2026-09-14T22:57:33.476955Z  INFO herdr::logging: tab focused event="tab.focus" subsystem="tab" outcome="ok" workspace_id="w4" tab_id="w4:t1"
2026-09-14T22:57:33.477048Z  INFO herdr::logging: tab focused event="tab.focus" subsystem="tab" outcome="ok" workspace_id="w4" tab_id="w4:t1"
2026-09-14T22:57:38.481168Z  INFO herdr::logging: session saved event="persist.save" subsystem="persist" outcome="ok" path=/home/arijit/.config/herdr/session.json workspaces=7
2026-09-14T23:17:44.597169Z  INFO herdr::logging: checking for updates event="update.check.start" subsystem="update" outcome="started"
2026-09-14T23:17:44.923138Z  WARN herdr::detect::manifest_update: skipping unknown remote manifest agent agent="letta"
2026-09-14T23:33:17.296325Z  INFO herdr::logging: workspace focused event="workspace.focus" subsystem="workspace" outcome="ok" workspace_id="w8"
2026-09-14T23:33:17.296369Z  INFO herdr::logging: tab focused event="tab.focus" subsystem="tab" outcome="ok" workspace_id="w8" tab_id="w8:t1"
2026-09-14T23:33:17.296457Z  INFO herdr::logging: workspace focused event="workspace.focus" subsystem="workspace" outcome="ok" workspace_id="w8"
2026-09-14T23:33:17.296469Z  INFO herdr::logging: tab focused event="tab.focus" subsystem="tab" outcome="ok" workspace_id="w8" tab_id="w8:t1"
2026-09-14T23:33:22.299523Z  INFO herdr::logging: session saved event="persist.save" subsystem="persist" outcome="ok" path=/home/arijit/.config/herdr/session.json workspaces=7
2026-09-14T23:42:08.188271Z  INFO herdr::logging: spawning pane terminal event="pane.spawn.start" subsystem="pane" outcome="started" pane_id=10 rows=36 cols=139 scrollback_limit_bytes=10000000
2026-09-14T23:42:08.190921Z  INFO herdr::logging: pane child spawned event="pane.spawned" subsystem="pane" outcome="ok" pane_id=10 pid=21628
2026-09-14T23:42:08.191349Z  INFO herdr::logging: tab focused event="tab.focus" subsystem="tab" outcome="ok" workspace_id="w8" tab_id="w8:t1"
2026-09-14T23:42:10.682613Z  INFO herdr::logging: tab focused event="tab.focus" subsystem="tab" outcome="ok" workspace_id="w8" tab_id="w8:t1"
2026-09-14T23:42:10.682654Z  INFO herdr::logging: tab focused event="tab.focus" subsystem="tab" outcome="ok" workspace_id="w8" tab_id="w8:t1"
2026-09-14T23:42:11.994127Z  INFO herdr::logging: tab focused event="tab.focus" subsystem="tab" outcome="ok" workspace_id="w8" tab_id="w8:t1"
2026-09-14T23:42:11.994168Z  INFO herdr::logging: tab focused event="tab.focus" subsystem="tab" outcome="ok" workspace_id="w8" tab_id="w8:t1"
2026-09-14T23:42:13.903416Z  INFO herdr::logging: tab focused event="tab.focus" subsystem="tab" outcome="ok" workspace_id="w8" tab_id="w8:t1"
2026-09-14T23:42:13.903472Z  INFO herdr::logging: tab focused event="tab.focus" subsystem="tab" outcome="ok" workspace_id="w8" tab_id="w8:t1"
2026-09-14T23:42:18.907306Z  INFO herdr::logging: session saved event="persist.save" subsystem="persist" outcome="ok" path=/home/arijit/.config/herdr/session.json workspaces=7
2026-09-14T23:42:19.970613Z  INFO herdr::logging: tab focused event="tab.focus" subsystem="tab" outcome="ok" workspace_id="w8" tab_id="w8:t1"
2026-09-14T23:42:19.970653Z  INFO herdr::logging: tab focused event="tab.focus" subsystem="tab" outcome="ok" workspace_id="w8" tab_id="w8:t1"
2026-09-14T23:42:24.973373Z  INFO herdr::logging: session saved event="persist.save" subsystem="persist" outcome="ok" path=/home/arijit/.config/herdr/session.json workspaces=7
2026-09-14T23:42:46.002915Z  INFO herdr::logging: tab focused event="tab.focus" subsystem="tab" outcome="ok" workspace_id="w8" tab_id="w8:t1"
2026-09-14T23:42:46.002962Z  INFO herdr::logging: tab focused event="tab.focus" subsystem="tab" outcome="ok" workspace_id="w8" tab_id="w8:t1"
2026-09-14T23:42:51.005534Z  INFO herdr::logging: session saved event="persist.save" subsystem="persist" outcome="ok" path=/home/arijit/.config/herdr/session.json workspaces=7
2026-09-14T23:42:51.358834Z  INFO herdr::logging: tab focused event="tab.focus" subsystem="tab" outcome="ok" workspace_id="w8" tab_id="w8:t1"
2026-09-14T23:42:51.358877Z  INFO herdr::logging: tab focused event="tab.focus" subsystem="tab" outcome="ok" workspace_id="w8" tab_id="w8:t1"
2026-09-14T23:42:54.859369Z  INFO herdr::logging: pane child exited event="pane.exit" subsystem="pane" outcome="completed" pane_id=10 status="ExitStatus { code: 1, signal: None }"
2026-09-14T23:42:54.863752Z  INFO herdr::pane: pane session terminated pane=10 pid=21628 signal=Hangup
2026-09-14T23:42:54.865872Z  WARN herdr::app::actions: PaneDied for unknown pane pane=10
2026-09-14T23:42:59.866286Z  INFO herdr::logging: session saved event="persist.save" subsystem="persist" outcome="ok" path=/home/arijit/.config/herdr/session.json workspaces=7
2026-09-14T23:46:15.363243Z  INFO herdr::server::headless: client detached client_id=2
2026-09-14T23:46:16.620783Z  INFO herdr::server::headless: client connected client_id=4 cols=139 rows=36 cell_width_px=13 cell_height_px=34 surface_active=true render_encoding=SemanticFrame
2026-09-14T23:47:44.598558Z  INFO herdr::logging: checking for updates event="update.check.start" subsystem="update" outcome="started"
2026-09-14T23:47:44.886384Z  WARN herdr::detect::manifest_update: skipping unknown remote manifest agent agent="letta"
2026-09-14T23:50:38.636316Z  INFO herdr::logging: spawning pane terminal event="pane.spawn.start" subsystem="pane" outcome="started" pane_id=11 rows=36 cols=139 scrollback_limit_bytes=10000000
2026-09-14T23:50:38.638446Z  INFO herdr::logging: pane child spawned event="pane.spawned" subsystem="pane" outcome="ok" pane_id=11 pid=23880
2026-09-14T23:50:38.638743Z  INFO herdr::logging: tab focused event="tab.focus" subsystem="tab" outcome="ok" workspace_id="w8" tab_id="w8:t1"
2026-09-14T23:50:43.127350Z  INFO herdr::logging: tab focused event="tab.focus" subsystem="tab" outcome="ok" workspace_id="w8" tab_id="w8:t1"
2026-09-14T23:50:43.127395Z  INFO herdr::logging: tab focused event="tab.focus" subsystem="tab" outcome="ok" workspace_id="w8" tab_id="w8:t1"
2026-09-14T23:50:43.749653Z  INFO herdr::logging: tab focused event="tab.focus" subsystem="tab" outcome="ok" workspace_id="w8" tab_id="w8:t1"
2026-09-14T23:50:43.749696Z  INFO herdr::logging: tab focused event="tab.focus" subsystem="tab" outcome="ok" workspace_id="w8" tab_id="w8:t1"
2026-09-14T23:50:44.322148Z  INFO herdr::logging: tab focused event="tab.focus" subsystem="tab" outcome="ok" workspace_id="w8" tab_id="w8:t1"
2026-09-14T23:50:44.322198Z  INFO herdr::logging: tab focused event="tab.focus" subsystem="tab" outcome="ok" workspace_id="w8" tab_id="w8:t1"
2026-09-14T23:50:45.470266Z  INFO herdr::logging: tab focused event="tab.focus" subsystem="tab" outcome="ok" workspace_id="w8" tab_id="w8:t1"
2026-09-14T23:50:45.470317Z  INFO herdr::logging: tab focused event="tab.focus" subsystem="tab" outcome="ok" workspace_id="w8" tab_id="w8:t1"
2026-09-14T23:50:47.126794Z  INFO herdr::logging: tab focused event="tab.focus" subsystem="tab" outcome="ok" workspace_id="w8" tab_id="w8:t1"
2026-09-14T23:50:47.126857Z  INFO herdr::logging: tab focused event="tab.focus" subsystem="tab" outcome="ok" workspace_id="w8" tab_id="w8:t1"
2026-09-14T23:50:48.595256Z  INFO herdr::logging: tab focused event="tab.focus" subsystem="tab" outcome="ok" workspace_id="w8" tab_id="w8:t1"
2026-09-14T23:50:48.595296Z  INFO herdr::logging: tab focused event="tab.focus" subsystem="tab" outcome="ok" workspace_id="w8" tab_id="w8:t1"
2026-09-14T23:50:49.289186Z  INFO herdr::logging: tab focused event="tab.focus" subsystem="tab" outcome="ok" workspace_id="w8" tab_id="w8:t1"
2026-09-14T23:50:49.289242Z  INFO herdr::logging: tab focused event="tab.focus" subsystem="tab" outcome="ok" workspace_id="w8" tab_id="w8:t1"
2026-09-14T23:50:51.559276Z  INFO herdr::logging: tab focused event="tab.focus" subsystem="tab" outcome="ok" workspace_id="w8" tab_id="w8:t1"
2026-09-14T23:50:51.559349Z  INFO herdr::logging: tab focused event="tab.focus" subsystem="tab" outcome="ok" workspace_id="w8" tab_id="w8:t1"
2026-09-14T23:50:55.389386Z  INFO herdr::logging: tab focused event="tab.focus" subsystem="tab" outcome="ok" workspace_id="w8" tab_id="w8:t1"
2026-09-14T23:51:00.393100Z  INFO herdr::logging: session saved event="persist.save" subsystem="persist" outcome="ok" path=/home/arijit/.config/herdr/session.json workspaces=7
2026-09-14T23:51:01.062251Z  INFO herdr::logging: tab focused event="tab.focus" subsystem="tab" outcome="ok" workspace_id="w8" tab_id="w8:t1"
2026-09-14T23:51:06.065878Z  INFO herdr::logging: session saved event="persist.save" subsystem="persist" outcome="ok" path=/home/arijit/.config/herdr/session.json workspaces=7
2026-09-14T23:51:50.579769Z  INFO herdr::logging: tab focused event="tab.focus" subsystem="tab" outcome="ok" workspace_id="w8" tab_id="w8:t1"
2026-09-14T23:51:50.579812Z  INFO herdr::logging: tab focused event="tab.focus" subsystem="tab" outcome="ok" workspace_id="w8" tab_id="w8:t1"
2026-09-14T23:51:55.582819Z  INFO herdr::logging: session saved event="persist.save" subsystem="persist" outcome="ok" path=/home/arijit/.config/herdr/session.json workspaces=7
2026-09-14T23:52:01.474485Z  INFO herdr::logging: tab focused event="tab.focus" subsystem="tab" outcome="ok" workspace_id="w8" tab_id="w8:t1"
2026-09-14T23:52:01.474534Z  INFO herdr::logging: tab focused event="tab.focus" subsystem="tab" outcome="ok" workspace_id="w8" tab_id="w8:t1"
2026-09-14T23:52:02.048681Z  INFO herdr::logging: tab focused event="tab.focus" subsystem="tab" outcome="ok" workspace_id="w8" tab_id="w8:t1"
2026-09-14T23:52:02.048758Z  INFO herdr::logging: tab focused event="tab.focus" subsystem="tab" outcome="ok" workspace_id="w8" tab_id="w8:t1"
2026-09-14T23:52:03.156915Z  INFO herdr::logging: tab focused event="tab.focus" subsystem="tab" outcome="ok" workspace_id="w8" tab_id="w8:t1"
2026-09-14T23:52:03.156955Z  INFO herdr::logging: tab focused event="tab.focus" subsystem="tab" outcome="ok" workspace_id="w8" tab_id="w8:t1"
2026-09-14T23:52:05.601855Z  INFO herdr::logging: tab focused event="tab.focus" subsystem="tab" outcome="ok" workspace_id="w8" tab_id="w8:t1"
2026-09-14T23:52:05.601904Z  INFO herdr::logging: tab focused event="tab.focus" subsystem="tab" outcome="ok" workspace_id="w8" tab_id="w8:t1"
2026-09-14T23:52:10.101573Z  INFO herdr::logging: tab focused event="tab.focus" subsystem="tab" outcome="ok" workspace_id="w8" tab_id="w8:t1"
2026-09-14T23:52:10.101613Z  INFO herdr::logging: tab focused event="tab.focus" subsystem="tab" outcome="ok" workspace_id="w8" tab_id="w8:t1"
2026-09-14T23:52:10.646856Z  INFO herdr::logging: tab focused event="tab.focus" subsystem="tab" outcome="ok" workspace_id="w8" tab_id="w8:t1"
2026-09-14T23:52:10.646916Z  INFO herdr::logging: tab focused event="tab.focus" subsystem="tab" outcome="ok" workspace_id="w8" tab_id="w8:t1"
2026-09-14T23:52:15.649682Z  INFO herdr::logging: session saved event="persist.save" subsystem="persist" outcome="ok" path=/home/arijit/.config/herdr/session.json workspaces=7
2026-09-14T23:53:22.410668Z  INFO herdr::logging: pane child exited event="pane.exit" subsystem="pane" outcome="completed" pane_id=8 status="ExitStatus { code: 1, signal: None }"
2026-09-14T23:53:22.415938Z  INFO herdr::pane: pane session terminated pane=8 pid=7514 signal=Hangup
2026-09-14T23:53:22.419087Z  WARN herdr::app::actions: PaneDied for unknown pane pane=8
2026-09-14T23:53:27.418860Z  INFO herdr::logging: session saved event="persist.save" subsystem="persist" outcome="ok" path=/home/arijit/.config/herdr/session.json workspaces=7
